<html>
<body>
<pre>
<h1>µVision Build Log</h1>
<h2>Tool Versions:</h2>
IDE-Version: µVision V5.39.0.0
Copyright (C) 2023 ARM Ltd and ARM Germany GmbH. All rights reserved.
License Information: An Nguyen, VNU-UET, LIC=----
 
Tool Versions:
Toolchain:       MDK-Lite  Version: 5.39.0.0
Toolchain Path:  D:\Keil_v5\ARM\ARM_Compiler_5.06u7\Bin
C Compiler:      Armcc.exe V5.06 update 7 (build 960)
Assembler:       Armasm.exe V5.06 update 7 (build 960)
Linker/Locator:  ArmLink.exe V5.06 update 7 (build 960)
Library Manager: ArmAr.exe V5.06 update 7 (build 960)
Hex Converter:   FromElf.exe V5.06 update 7 (build 960)
CPU DLL:         SARMCM3.DLL V5.39.0.0
Dialog DLL:      DARMCM1.DLL V1.19.6.0
Target DLL:      PEMicro\Pemicro_ArmCortexInterface.dll V1.3.0.0
Dialog DLL:      TARMCM1.DLL V1.14.6.0
 
<h2>Project:</h2>
D:\Projects_workspace\embedded\Fall detection\I2C.uvprojx
Project File Date:  06/12/2024

<h2>Output:</h2>
*** Using Compiler 'V5.06 update 7 (build 960)', folder: 'D:\Keil_v5\ARM\ARM_Compiler_5.06u7\Bin'
Rebuild target 'Target 1'
compiling Main.c...
Main.c(101): warning:  #177-D: variable "data"  was declared but never referenced
  	uint8_t data;
Main.c: 1 warning, 0 errors
compiling I2C.c...
I2C.c(145): warning:  #188-D: enumerated type mixed with another type
  	NVIC_ClearPendingIRQ(31);											//clear NVIC any pending interrupts on PORTC_D
I2C.c(146): warning:  #188-D: enumerated type mixed with another type
  	NVIC_EnableIRQ(31);														//enable NVIC interrupts source for PORTC_D
I2C.c: 2 warnings, 0 errors
compiling LED_SW_Systick.c...
LED_SW_Systick.c(26): warning:  #188-D: enumerated type mixed with another type
  	NVIC_ClearPendingIRQ(31);											//clear NVIC any pending interrupts on PORTC_D
LED_SW_Systick.c(27): warning:  #188-D: enumerated type mixed with another type
  	NVIC_EnableIRQ(31);														//enable NVIC interrupts source for PORTC_D
LED_SW_Systick.c(36): warning:  #188-D: enumerated type mixed with another type
  	NVIC_ClearPendingIRQ(31);											//clear NVICany pending interrupts on PORTC_D
LED_SW_Systick.c(37): warning:  #188-D: enumerated type mixed with another type
  	NVIC_EnableIRQ(31);														// enable NVIC interrupts source for PORTC_D
LED_SW_Systick.c: 4 warnings, 0 errors
assembling startup_MKL46Z4.s...
compiling system_MKL46Z4.c...
linking...
.\Objects\I2C.axf: Warning: L6914W: option ro-base ignored when using --scatter.
.\Objects\I2C.axf: Warning: L6914W: option rw-base ignored when using --scatter.
.\Objects\I2C.axf: Warning: L6340W: options first and last are ignored for link type of scattered
Program Size: Code=2252 RO-data=224 RW-data=16 ZI-data=2048  
Finished: 0 information, 3 warning and 0 error messages.
".\Objects\I2C.axf" - 0 Error(s), 10 Warning(s).

<h2>Software Packages used:</h2>

Package Vendor: ARM
                http://www.keil.com/pack/ARM.CMSIS.5.0.1.pack
                ARM::CMSIS@5.0.1
                CMSIS (Cortex Microcontroller Software Interface Standard)
   * Component: CORE Version: 5.0.1

Package Vendor: NXP
                http://mcuxpresso.nxp.com/cmsis_pack/repo/NXP.MKL46Z4_DFP.10.0.3.pack
                NXP::MKL46Z4_DFP@10.0.3
                Device Family Pack for MKL46Z4
   * Component: Startup Version: 1.0.0

<h2>Collection of Component include folders:</h2>
  ./RTE/Device/MKL46Z256VLL4
  ./RTE/_Target_1
  D:/Arm/Packs/ARM/CMSIS/5.0.1/CMSIS/Include

<h2>Collection of Component Files used:</h2>

   * Component: ARM::CMSIS:CORE@5.0.1

   * Component: NXP::Device:Startup@1.0.0
      Include file:  fsl_device_registers.h
      Include file:  MKL46Z4.h
      Include file:  system_MKL46Z4.h
      Include file:  MKL46Z4_features.h
      Source file:   system_MKL46Z4.c
      Source file:   arm/startup_MKL46Z4.s
Build Time Elapsed:  00:00:02
</pre>
</body>
</html>
